// Vitest Snapshot v1

exports[`Default LuiCheckbox > renders with default props 1`] = `[Function]`;
