// Vitest Snapshot v1

exports[`Default LuiButton > renders properly based on default props 1`] = `
"<button data-testid=\\"lui-button\\" class=\\"outline-none focus-visible:ring-4 transition-colors transition-transform active:translate-y-0.5 disabled:translate-y-0 cursor-pointer disabled:cursor-not-allowed text-base bg-primary-500 hover:bg-primary-400 disabled:bg-secondary-500 text-white disabled:text-secondary-300 border-primary-500 hover:border-primary-400 disabled:border-secondary-500 border border-solid focus-visible:ring-primary-500/40 py-2 px-5 lui-button\\">
  <!--v-if--><span data-testid=\\"lui-button-icon-text\\"></span>
  <!--v-if-->
</button>"
`;

exports[`renders properly based on default props 1`] = `
"<button data-testid=\\"lui-button\\" class=\\"outline-none focus-visible:ring-4 transition-colors transition-transform active:translate-y-0.5 disabled:translate-y-0 cursor-pointer disabled:cursor-not-allowed text-base bg-primary-500 hover:bg-primary-400 disabled:bg-secondary-500 text-white disabled:text-secondary-300 border-primary-500 hover:border-primary-400 disabled:border-secondary-500 border border-solid focus-visible:ring-primary-500/40 py-2 px-5 lui-button\\">
  <!--v-if--><span data-testid=\\"lui-button-icon-text\\"></span>
  <!--v-if-->
</button>"
`;
