// Vitest Snapshot v1

exports[`Default LuiSelect > renders properly 1`] = `[Function]`;
