// Vitest Snapshot v1

exports[`Default LuiMultiSelect > renders with default props properly 1`] = `[Function]`;
