// Vitest Snapshot v1

exports[`Default LuiMenuDropdown > renders properly 1`] = `[Function]`;
